// Jest Snapshot v1, https://goo.gl/fbAQLP

exports[`<LetterCount /> Props render correctly 1`] = `
<i
  className="LetterCount"
>
  5
</i>
`;
