// Jest Snapshot v1, https://goo.gl/fbAQLP

exports[`<EditPanelHeader /> Props render correctly 1`] = `
<header
  className="EditPanelHeader"
>
  <h1
    className="EditPanelHeader__headline"
  >
    Test title
    <span
      data-alert={false}
    >
      
    </span>
  </h1>
</header>
`;
